
Admin@DESKTOP-G1B4UCJ MINGW64 ~/Desktop/basic_repo (main)
$ git init -b main
Initialized empty Git repository in C:/Users/Admin/Desktop/basic_repo/.git/

Admin@DESKTOP-G1B4UCJ MINGW64 ~/Desktop/basic_repo (main)
$ git add .

Admin@DESKTOP-G1B4UCJ MINGW64 ~/Desktop/basic_repo (main)
$ git commit -m "First commit"
On branch main

Initial commit

nothing to commit (create/copy files and use "git add" to track)

Admin@DESKTOP-G1B4UCJ MINGW64 ~/Desktop/basic_repo (main)
$ git add .

Admin@DESKTOP-G1B4UCJ MINGW64 ~/Desktop/basic_repo (main)
$ git commit -m "First commit"
[main (root-commit) 5e8a204] First commit
 1 file changed, 0 insertions(+), 0 deletions(-)
 create mode 100644 text.txt.txt

Admin@DESKTOP-G1B4UCJ MINGW64 ~/Desktop/basic_repo (main)
$ git remote add origin https://github.com/RitaSelimi/basic_repo.git

Admin@DESKTOP-G1B4UCJ MINGW64 ~/Desktop/basic_repo (main)
$ git remote -v
origin  https://github.com/RitaSelimi/basic_repo.git (fetch)
origin  https://github.com/RitaSelimi/basic_repo.git (push)

Admin@DESKTOP-G1B4UCJ MINGW64 ~/Desktop/basic_repo (main)
$ git push origin main
riEnumerating objects: 3, done.
Counting objects: 100% (3/3), done.
Writing objects: 100% (3/3), 212 bytes | 212.00 KiB/s, done.
Total 3 (delta 0), reused 0 (delta 0), pack-reused 0
To https://github.com/RitaSelimi/basic_repo.git
 * [new branch]      main -> main
